// Jest Snapshot v1, https://goo.gl/fbAQLP

exports[`renders the app 1`] = `
<div
  className="App"
>
  <div
    className="Modal"
  >
    <div
      className="Modal-dialog"
    >
      <div
        className="FileForm"
      >
        <div
          style={
            Object {
              "fontSize": "1.25rem",
              "marginBottom": "1rem",
            }
          }
        >
          New Playlist
        </div>
        <div
          style={
            Object {
              "marginBottom": "1rem",
            }
          }
        >
          Choose a playlist file to start
        </div>
        <form
          className="FileForm-form"
        >
          <input
            className="FileForm-input"
            disabled={true}
            type="text"
            value="foobar"
          />
          <input
            className="FileForm-button"
            type="submit"
            value=">"
          />
        </form>
      </div>
    </div>
  </div>
  <div
    className="App-col1"
  >
    <div
      className="Draft"
    />
  </div>
  <div
    className="App-col2"
  >
    <div
      className="ConvertMenu"
    >
      <div
        className="ConvertMenu-header"
      >
        Settings
      </div>
      <div
        className="ConvertMenu-body"
      >
        <div
          style={
            Object {
              "color": "rgba(255,255,255,.7)",
            }
          }
        >
          Convert playlist to:
        </div>
        <div
          className="ConvertMenuField"
        >
          <div>
            <input
              disabled={true}
              type="checkbox"
            />
            <label
              style={
                Object {
                  "color": "rgba(255,255,255,.5)",
                  "marginLeft": ".5rem",
                }
              }
            >
              Spotify
            </label>
          </div>
          <div>
            <button
              className="ConvertMenuField-button"
            >
              Connect with 
              Spotify
            </button>
          </div>
        </div>
        <div
          className="ConvertMenuField"
        >
          <div>
            <input
              disabled={true}
              type="checkbox"
            />
            <label
              style={
                Object {
                  "color": "rgba(255,255,255,.5)",
                  "marginLeft": ".5rem",
                }
              }
            >
              YouTube
            </label>
          </div>
          <div>
            <button
              className="ConvertMenuField-button"
            >
              Connect with 
              YouTube
            </button>
          </div>
        </div>
      </div>
    </div>
    <button
      className="ConvertButton"
    >
      Convert Playlist
    </button>
  </div>
</div>
`;
