// Jest Snapshot v1, https://goo.gl/fbAQLP

exports[` 1`] = `"https://accounts.spotify.com/authorize?client_id=undefined&redirect_uri=undefined&scope=playlist-modify-private&response_type=token"`;

exports[`renders a menu 1`] = `
<div
  className="ConvertMenu"
>
  <div
    className="ConvertMenu-header"
  >
    Settings
  </div>
  <div
    className="ConvertMenu-body"
  >
    <div
      style={
        Object {
          "color": "rgba(255,255,255,.7)",
        }
      }
    >
      Convert playlist to:
    </div>
    <ConvertMenuField
      name="Spotify"
      onButtonClick={[Function]}
    />
    <ConvertMenuField
      authDisabled={true}
      name="YouTube"
    />
  </div>
</div>
`;
