// Jest Snapshot v1, https://goo.gl/fbAQLP

exports[`renders a form 1`] = `
<div
  className="FileForm"
>
  <div
    style={
      Object {
        "fontSize": "1.25rem",
        "marginBottom": "1rem",
      }
    }
  >
    New Playlist
  </div>
  <div
    style={
      Object {
        "marginBottom": "1rem",
      }
    }
  >
    Choose a playlist file to start
  </div>
  <form
    className="FileForm-form"
  >
    <input
      className="FileForm-input"
      disabled={true}
      type="text"
    />
    <input
      className="FileForm-button"
      type="submit"
      value=">"
    />
  </form>
</div>
`;
